../Core/Src/main.c:126:5:main	48	static
../Core/Src/main.c:257:6:SystemClock_Config	96	static
../Core/Src/main.c:300:7:HAL_ADC_ConvCpltCallback	40	static
../Core/Src/main.c:331:7:HAL_UART_RxCpltCallback	24	static
../Core/Src/main.c:366:7:HAL_TIM_PeriodElapsedCallback	16	static
../Core/Src/main.c:375:7:ProcessCommand	40	static
../Core/Src/main.c:419:8:PredictDischargeTimeMs	24	static
../Core/Src/main.c:431:7:StartDischarging	8	static
../Core/Src/main.c:449:7:StopDischarging	24	static
../Core/Src/main.c:473:7:Charge	32	static
../Core/Src/main.c:515:6:Error_Handler	4	static,ignoring_inline_asm
