../Core/Src/main.c:126:5:main	12
../Core/Src/main.c:257:6:SystemClock_Config	4
../Core/Src/main.c:300:7:HAL_ADC_ConvCpltCallback	8
../Core/Src/main.c:331:7:HAL_UART_RxCpltCallback	6
../Core/Src/main.c:366:7:HAL_TIM_PeriodElapsedCallback	3
../Core/Src/main.c:375:7:ProcessCommand	10
../Core/Src/main.c:419:8:PredictDischargeTimeMs	3
../Core/Src/main.c:431:7:StartDischarging	3
../Core/Src/main.c:449:7:StopDischarging	1
../Core/Src/main.c:473:7:Charge	9
../Core/Src/main.c:515:6:Error_Handler	1
